{"type":"verify","data":{"op":"verify","mod":{"source_id":"nexusmods","mod_id":"42"},"mod_name":"Sample Mod","index":2,"total":5,"kind":"finding","has_files":true,"finding":{"mod_id":"42","mod_name":"Sample Mod","file_id":"f1","status":"ok","note":"re-downloaded to populate checksum","recorded":"1.2.2","effective":"1.2.3","version":"1.2.3"},"recorded":"1.2.2","effective":"1.2.3","version":"1.2.3","expected_count":3,"checksum_populated":true,"detail":"Repaired: 1.2.2 → 1.2.3","fixed":true}}
