{
  "id": "fedcba9876543210fedcba9876543210",
  "kind": "install",
  "state": "failed",
  "started_at": "2026-08-30T12:00:00Z",
  "ended_at": "2026-08-30T12:00:01Z",
  "error": {
    "error": "file conflicts detected",
    "details": {
      "conflicts": [
        {
          "relative_path": "Mods/a.pak",
          "current_source_id": "fake",
          "current_mod_id": "m9"
        }
      ]
    }
  },
  "event_count": 3,
  "dropped_events": 1
}
