{
  "games": [
    {
      "id": "g1",
      "name": "Fixture Game",
      "install_path": "/games/g1",
      "mod_path": "/games/g1/Mods",
      "source_ids": {},
      "link_method": "symlink",
      "link_method_explicit": false,
      "hooks": {
        "install": {},
        "uninstall": {}
      },
      "deploy_mode": "extract",
      "convert_paks_explicit": false,
      "default": true
    }
  ],
  "profiles": [
    "default",
    "modded"
  ]
}
