Verifying cached mods...

  ? raw-pak-mod - CONVERSION FAILED (table X not present in current base) - deploying raw; fix the mod or run 'lmm mod convert raw-pak-mod off' to silence
? Bear Mount - VERSION UNVERIFIABLE (recorded file ID(s) no longer found upstream; reinstall the mod or run 'lmm update' to adopt the current version)
? raw-pak-mod - VERSION UNVERIFIABLE (recorded file ID(s) no longer found upstream; reinstall the mod or run 'lmm update' to adopt the current version)
? Bear Mount (exmodz-file-id) - NO CHECKSUM
  Re-download to populate checksum failed: file exmodz-file-id not found in mod
? raw-pak-mod (modfile.pak) - NO CHECKSUM
  Re-download to populate checksum failed: file modfile.pak not found in mod

0 issue(s), 5 warning(s) found.
