{
  "game_id": "g1",
  "profile": "default",
  "result": {
    "findings": [
      {
        "file_id": "stray.pak",
        "status": "stale_deployment",
        "note": "dangling link into lmm cache"
      }
    ],
    "issues": 0,
    "warnings": 1,
    "checked": 0,
    "has_files": false
  }
}
