{
  "game_id": "g1",
  "profile": "default",
  "result": {
    "findings": [
      {
        "mod_id": "mod1",
        "mod_name": "Mod One",
        "status": "version_mismatch",
        "recorded": "1.5",
        "effective": "1.0"
      },
      {
        "mod_id": "mod1",
        "mod_name": "Mod One",
        "file_id": "2",
        "status": "ok"
      }
    ],
    "issues": 1,
    "warnings": 0,
    "checked": 1,
    "has_files": true
  }
}
