{
  "game_id": "g1",
  "profile": "default",
  "result": {
    "findings": [
      {
        "mod_id": "mod1",
        "mod_name": "Mod One",
        "status": "version_mismatch",
        "recorded": "1.5",
        "effective": "1.0",
        "fixable_reason": "the ref is locked at v1.5, and --fix will not rewrite what a lock means (#97) - unlock it first"
      },
      {
        "mod_id": "mod1",
        "mod_name": "Mod One",
        "file_id": "2",
        "status": "ok"
      }
    ],
    "issues": 1,
    "warnings": 0,
    "checked": 1,
    "has_files": true,
    "checked_at": "<TIME>"
  }
}
