{
  "sources": [
    {
      "id": "nexusmods",
      "name": "Nexus Mods",
      "authenticated": true,
      "via": "stored",
      "env_var": "NEXUSMODS_API_KEY",
      "key_fingerprint": "f17d546f",
      "created_at": "<TIME>",
      "updated_at": "<TIME>"
    }
  ],
  "orphaned": [
    {
      "id": "ghost-repo",
      "reason": "not_registered",
      "key_fingerprint": "a26a4009"
    }
  ]
}
