{
  "sources": [
    {
      "id": "nexusmods",
      "name": "Nexus Mods",
      "authenticated": true,
      "via": "stored",
      "env_var": "NEXUSMODS_API_KEY",
      "key_masked": "sto...345"
    }
  ],
  "orphaned": [
    {
      "id": "ghost-repo",
      "reason": "not_registered",
      "key_masked": "lef...y12"
    }
  ]
}
