{
  "game_id": "g1",
  "query": "mod",
  "mods": [
    {
      "id": "a",
      "source_id": "src",
      "name": "Mod A",
      "version": "1.0",
      "author": "Ann",
      "summary": "",
      "description": "",
      "game_id": "g1",
      "category": "Utilities",
      "downloads": 0,
      "picture_url": "",
      "source_url": "",
      "files": [],
      "dependencies": [],
      "installed": true
    },
    {
      "id": "m",
      "source_id": "src",
      "name": "Mod M",
      "version": "2.0",
      "author": "Mel",
      "summary": "",
      "description": "",
      "game_id": "g1",
      "category": "Gameplay",
      "downloads": 0,
      "picture_url": "",
      "source_url": "",
      "files": [],
      "dependencies": [],
      "installed": false
    }
  ],
  "warnings": [],
  "total_results": 3,
  "attempted_count": 1
}
