[
  {
    "id": "curseforge",
    "name": "CurseForge",
    "type": "built-in",
    "auth": "required",
    "capabilities": [
      "search",
      "deps",
      "updates",
      "auth",
      "versions"
    ]
  },
  {
    "id": "icarus",
    "name": "Icarus (Project Daedalus)",
    "type": "built-in",
    "auth": "none",
    "capabilities": [
      "search",
      "updates"
    ]
  },
  {
    "id": "nexusmods",
    "name": "Nexus Mods",
    "type": "built-in",
    "auth": "required",
    "capabilities": [
      "search",
      "deps",
      "updates",
      "auth",
      "versions"
    ]
  },
  {
    "id": "steamworkshop",
    "name": "Steam Workshop",
    "type": "built-in",
    "auth": "required",
    "capabilities": [
      "search",
      "updates",
      "auth"
    ]
  },
  {
    "id": "thunderstore",
    "name": "Thunderstore",
    "type": "built-in",
    "auth": "none",
    "capabilities": [
      "search",
      "deps",
      "updates",
      "versions"
    ]
  }
]
