{
  "mod": {
    "id": "1",
    "source_id": "src",
    "name": "Test Mod",
    "version": "1.0",
    "author": "",
    "summary": "",
    "description": "",
    "game_id": "g1",
    "category": "",
    "downloads": 0,
    "picture_url": "",
    "source_url": "",
    "files": [],
    "dependencies": [],
    "profile_name": "default",
    "update_policy": "notify",
    "installed_at": "<TIME>",
    "enabled": true,
    "deployed": false,
    "link_method": "symlink",
    "manual_download": false,
    "convert_paks": true
  },
  "files": [
    "plugin.esp"
  ],
  "keep_cache": false,
  "hooks": [],
  "merged_artifact": null
}
