{
  "game_id": "valheim",
  "slug": "valheim",
  "error": "cannot change install_path for game valheim from /games/valheim to /mnt/library/valheim: ...",
  "details": {
    "game_id": "valheim",
    "install_path": "/games/valheim",
    "new_install_path": "/mnt/library/valheim",
    "mod_path": "/games/valheim/Mods",
    "deployed_files": 1,
    "profiles": [
      {
        "profile": "default",
        "deployed_files": 1
      }
    ],
    "old_install_path_exists": true
  }
}
