{
  "game_id": "skyrim-se",
  "mod_path": "/games/skyrim-se/Data",
  "new_mod_path": "/games/skyrim-se/Mods",
  "deployed_files": 1,
  "profiles": [
    {
      "profile": "default",
      "deployed_files": 1
    }
  ],
  "active_profile": "survival",
  "listed_unrecorded": 1,
  "needs_apply": true
}
