{
  "mod": {
    "id": "42",
    "source_id": "nexusmods",
    "name": "Sample Mod",
    "version": "1.2.3",
    "author": "",
    "summary": "",
    "description": "",
    "game_id": "skyrim-se",
    "category": "",
    "downloads": 0,
    "picture_url": "",
    "source_url": "",
    "files": [],
    "dependencies": [],
    "updated_at": "2026-08-27T12:00:00Z"
  },
  "file": {
    "id": "file-1",
    "name": "Main File",
    "file_name": "sample-mod-1.2.3.zip",
    "version": "1.2.3",
    "size": 104857600,
    "is_primary": true
  },
  "version": "1.2.3",
  "reinstall": true,
  "locked": {
    "source_id": "nexusmods",
    "mod_id": "42",
    "version": "1.2.2",
    "locked": true
  },
  "conflicts": [
    {
      "relative_path": "Data/textures/armor/mesh.dds",
      "current_source_id": "nexusmods",
      "current_mod_id": "7"
    }
  ],
  "fetch_error": "failed to get mod files: rate limited"
}
