{
  "tracked": [],
  "untracked": [
    {
      "file_path": "/games/skyrim/Data/sample-mod-1.2.3.zip",
      "file_name": "sample-mod-1.2.3.zip",
      "mod": {
        "id": "42",
        "source_id": "nexusmods",
        "name": "Sample Mod",
        "version": "1.2.3",
        "author": "",
        "summary": "",
        "description": "",
        "game_id": "skyrim-se",
        "category": "",
        "downloads": 0,
        "picture_url": "",
        "source_url": "",
        "files": [],
        "dependencies": [],
        "updated_at": "2026-08-27T12:00:00Z"
      },
      "matched_source": "local",
      "already_tracked": false
    }
  ],
  "backfill": [
    {
      "id": "7",
      "source_id": "nexusmods",
      "name": "Realistic Needs",
      "version": "",
      "author": "",
      "summary": "",
      "description": "",
      "game_id": "skyrim-se",
      "category": "",
      "downloads": 0,
      "picture_url": "",
      "source_url": "",
      "files": [],
      "dependencies": [],
      "updated_at": "2026-08-27T12:00:00Z",
      "profile_name": "default",
      "update_policy": "notify",
      "installed_at": "2026-08-27T12:00:00Z",
      "enabled": false,
      "deployed": false,
      "link_method": "symlink",
      "manual_download": false,
      "convert_paks": false
    }
  ],
  "extract_mode_warning": true
}
