{
  "ref": {
    "source_id": "nexusmods",
    "mod_id": "8",
    "version": "0.9.0",
    "locked": false
  },
  "files": [],
  "version": "",
  "cached": false,
  "replaces": {
    "id": "8",
    "source_id": "nexusmods",
    "name": "Old Mod",
    "version": "0.9.0",
    "author": "",
    "summary": "",
    "description": "",
    "game_id": "skyrim-se",
    "category": "",
    "downloads": 0,
    "picture_url": "",
    "source_url": "",
    "files": [],
    "dependencies": [],
    "updated_at": "2026-08-27T12:00:00Z",
    "profile_name": "hardcore",
    "update_policy": "notify",
    "installed_at": "2026-08-27T12:00:00Z",
    "enabled": false,
    "deployed": false,
    "link_method": "symlink",
    "manual_download": false,
    "convert_paks": false
  },
  "error": "failed to fetch mod: rate limited"
}
