{
  "mod": {
    "id": "42",
    "source_id": "nexusmods",
    "name": "Sample Mod",
    "version": "1.2.3",
    "author": "",
    "summary": "",
    "description": "",
    "game_id": "skyrim-se",
    "category": "",
    "downloads": 0,
    "picture_url": "",
    "source_url": "",
    "files": [],
    "dependencies": [],
    "updated_at": "2026-08-27T12:00:00Z",
    "profile_name": "default",
    "update_policy": "notify",
    "installed_at": "2026-08-27T12:00:00Z",
    "enabled": false,
    "deployed": false,
    "link_method": "symlink",
    "manual_download": false,
    "convert_paks": false
  },
  "from": {
    "source_id": "nexusmods",
    "mod_id": "42",
    "version": "1.2.3",
    "locked": false
  },
  "to": {
    "source_id": "curseforge",
    "mod_id": "99",
    "locked": false
  },
  "relink": true,
  "target_installed": true,
  "locked": true,
  "locked_version": "1.2.3",
  "refusal": "mod is locked: Sample Mod is locked at v1.2.3 in profile default - re-linking would replace the locked ref; unlock with 'lmm mod unlock -s nexusmods -p default 42' first",
  "merged_pak_affected": true,
  "profile": "default"
}
