{
  "id": "3617086610",
  "source_id": "steamworkshop",
  "name": "Workshop Item",
  "version": "7987119735124793734",
  "author": "76561198000000000",
  "author_name": "Cargo Captain",
  "summary": "",
  "description": "",
  "game_id": "1133870",
  "category": "",
  "downloads": 0,
  "picture_url": "",
  "source_url": "",
  "files": [],
  "dependencies": [],
  "updated_at": "2026-08-27T12:00:00Z",
  "display_version": "2026-08-27",
  "installed": false,
  "external": true
}
