{
  "indexes": [
    {
      "source": "thunderstore",
      "game": "content-warning",
      "cached": true,
      "present": true,
      "packages": 900,
      "fetched_at": "2026-08-27T12:00:00Z",
      "bytes": 4096000,
      "mapped_by": []
    },
    {
      "source": "thunderstore",
      "game": "old-mod-pack",
      "cached": true,
      "present": false,
      "packages": 0,
      "bytes": 5120,
      "mapped_by": [],
      "keep_reason": "the old-mod-pack index directory holds notes.txt, which is not part of an index"
    },
    {
      "source": "thunderstore",
      "game": "repo",
      "cached": false,
      "present": false,
      "packages": 0,
      "bytes": 0,
      "mapped_by": [
        "repo"
      ]
    }
  ],
  "holds": [
    {
      "source": "thunderstore",
      "retry_at": "2026-08-27T12:10:00Z",
      "reason": "rate limited by Thunderstore (HTTP 429), which asked lmm to wait 10m0s"
    }
  ],
  "warnings": []
}
