{
  "mod": {
    "id": "3617086610",
    "source_id": "steamworkshop",
    "name": "Workshop Item",
    "version": "7987119735124793734",
    "author": "76561198000000000",
    "summary": "",
    "description": "",
    "game_id": "space-engineers-2",
    "category": "",
    "downloads": 0,
    "picture_url": "",
    "source_url": "https://steamcommunity.com/sharedfiles/filedetails/?id=3617086610",
    "files": [],
    "dependencies": [],
    "updated_at": "2026-08-27T12:00:00Z",
    "profile_name": "default",
    "update_policy": "notify",
    "installed_at": "2026-08-27T12:00:00Z",
    "enabled": true,
    "deployed": true,
    "link_method": "symlink",
    "manual_download": false,
    "convert_paks": false,
    "external": true,
    "external_path": "/home/user/.steam/steam/steamapps/workshop/content/1133870/3617086610"
  },
  "locked": false,
  "pinned": false,
  "external": true,
  "update": {
    "installed_mod": {
      "id": "3617086610",
      "source_id": "steamworkshop",
      "name": "Workshop Item",
      "version": "7987119735124793734",
      "author": "76561198000000000",
      "summary": "",
      "description": "",
      "game_id": "space-engineers-2",
      "category": "",
      "downloads": 0,
      "picture_url": "",
      "source_url": "https://steamcommunity.com/sharedfiles/filedetails/?id=3617086610",
      "files": [],
      "dependencies": [],
      "updated_at": "2026-08-27T12:00:00Z",
      "profile_name": "default",
      "update_policy": "notify",
      "installed_at": "2026-08-27T12:00:00Z",
      "enabled": true,
      "deployed": true,
      "link_method": "symlink",
      "manual_download": false,
      "convert_paks": false,
      "external": true,
      "external_path": "/home/user/.steam/steam/steamapps/workshop/content/1133870/3617086610"
    },
    "new_version": "8100000000000000001",
    "recompile_needed": false,
    "locked": false
  },
  "recompile_needed": false,
  "refusal": "Steam applies Workshop updates itself the next time you launch the game (or use Steam's \"Verify integrity of game files\") - lmm reports them but cannot apply them"
}
