{
  "mod": {
    "id": "42",
    "source_id": "nexusmods",
    "name": "Sample Mod",
    "version": "1.2.2",
    "author": "",
    "summary": "",
    "description": "",
    "game_id": "skyrim-se",
    "category": "",
    "downloads": 0,
    "picture_url": "",
    "source_url": "",
    "files": [],
    "dependencies": [],
    "updated_at": "2026-08-27T12:00:00Z",
    "profile_name": "default",
    "update_policy": "notify",
    "installed_at": "2026-08-27T12:00:00Z",
    "enabled": false,
    "deployed": false,
    "link_method": "symlink",
    "manual_download": false,
    "convert_paks": false
  },
  "locked": true,
  "locked_version": "1.2.2",
  "pinned": false,
  "update": {
    "installed_mod": {
      "id": "42",
      "source_id": "nexusmods",
      "name": "Sample Mod",
      "version": "1.2.2",
      "author": "",
      "summary": "",
      "description": "",
      "game_id": "skyrim-se",
      "category": "",
      "downloads": 0,
      "picture_url": "",
      "source_url": "",
      "files": [],
      "dependencies": [],
      "updated_at": "2026-08-27T12:00:00Z",
      "profile_name": "default",
      "update_policy": "notify",
      "installed_at": "2026-08-27T12:00:00Z",
      "enabled": false,
      "deployed": false,
      "link_method": "symlink",
      "manual_download": false,
      "convert_paks": false
    },
    "new_version": "1.2.3",
    "changelog": "Fixed a crash on load.",
    "recompile_needed": false,
    "locked": false
  },
  "recompile_needed": true,
  "changelog": "Fixed a crash on load.",
  "refusal": "mod is locked: Sample Mod is locked at v1.2.2 in profile default - move the lock with 'lmm mod lock -s nexusmods -p default 42 <version>' or unlock with 'lmm mod unlock -s nexusmods -p default 42'"
}
