{
  "game_id": "minecraft",
  "profile": "default",
  "updates": [
    {
      "installed_mod": {
        "id": "238222",
        "source_id": "curseforge",
        "name": "Opted Out",
        "version": "2.0",
        "author": "",
        "summary": "",
        "description": "",
        "game_id": "minecraft",
        "category": "",
        "downloads": 0,
        "picture_url": "",
        "source_url": "https://www.curseforge.com/minecraft/mc-mods/opted-out",
        "files": [],
        "dependencies": [],
        "manual_only": true,
        "profile_name": "default",
        "update_policy": "notify",
        "installed_at": "2026-08-27T12:00:00Z",
        "enabled": true,
        "deployed": true,
        "link_method": "symlink",
        "manual_download": false,
        "convert_paks": false
      },
      "new_version": "2.1",
      "recompile_needed": false,
      "locked": false
    }
  ],
  "skipped": {
    "pinned": 0,
    "local": 0
  }
}
