## stdout

Installing 2 mod(s)...

[1/2] Installing: Mod A v1.0
  File: modA.esp
  [████████████████████] 100.0%
  Checksum: fbf39e016ee5...
  ✓ Installed (1 files)

[2/2] Installing: Mod B v2.0
  File: modB.esp
  [████████████████████] 100.0%
  Checksum: c237c081e647...
  ✓ Installed (1 files)

--- Summary ---
Installed: 2
## stderr
Warning: install.before_all hook failed (forced): hook failed with exit code 1: <hook-script>
## error
<nil>
## state
{
  "installed_mods": [
    {
      "source_id": "test-src",
      "id": "mod-a",
      "version": "1.0",
      "enabled": true,
      "deployed": true,
      "file_ids": [
        "a-file"
      ],
      "manual_download": false
    },
    {
      "source_id": "test-src",
      "id": "mod-b",
      "version": "2.0",
      "enabled": true,
      "deployed": true,
      "file_ids": [
        "b-file"
      ],
      "manual_download": false
    }
  ],
  "profile_refs": [
    {
      "source_id": "test-src",
      "mod_id": "mod-a",
      "version": "1.0",
      "file_ids": [
        "a-file"
      ],
      "locked": false
    },
    {
      "source_id": "test-src",
      "mod_id": "mod-b",
      "version": "2.0",
      "file_ids": [
        "b-file"
      ],
      "locked": false
    }
  ]
}
