## stdout
Deploy plan for profile "default" (dry run)

Would purge 0 file(s) before deploy...

No enabled mods to deploy. Use --all to deploy disabled mods.

Hooks that would run: uninstall.before_all, uninstall.before_each, uninstall.after_each, uninstall.after_all
## stderr
## error
<nil>
## tree
<empty>
